[toyfight.co/who/index.html]
[backblue.gif]
[fade.gif]
[index.html]
[toyfight.co/apple-touch-icon.png]
[toyfight.co/favicon-32x32.png]
[toyfight.co/favicon-16x16.png]
[toyfight.co/wp-content/themes/toybox/js/modernizr-custom.js]
[toyfight.co/wp-includes/js/wp-embed.minca80.js]
[toyfight.co/wp-content/themes/toybox/js/jquery-1.11.3.min.js]
[toyfight.co/wp-content/themes/toybox/js/preloadjs-0.6.1.min.js]
[toyfight.co/wp-content/themes/toybox/js/soundjs-0.6.1.min.js]
[toyfight.co/wp-content/themes/toybox/js/jquery.smoothState.min.js]
[toyfight.co/wp-content/themes/toybox/js/greensock/TweenMax.min.js]
[toyfight.co/wp-content/themes/toybox/js/greensock/ScrollToPlugin.min.js]
[toyfight.co/wp-content/themes/toybox/js/jquery.lettering.min.js]
[toyfight.co/wp-content/themes/toybox/js/countUp.js]
[toyfight.co/wp-content/themes/toybox/js/vars.js]
[toyfight.co/wp-content/themes/toybox/js/smooth-scrolling.js]
[toyfight.co/wp-content/themes/toybox/js/main.js]
[toyfight.co/wp-content/themes/toybox/js/analytics.js]
[toyfight.co/wp-content/themes/toybox/js/jquery.touchSwipe.min.js]
[toyfight.co/who/index.html]
[toyfight.co/img/og-image.html]
[toyfight.co/wp-content/themes/toybox/img/figures/tinified/footer-rock.png]
[toyfight.co/wp-content/themes/toybox/img/figures/tinified/jonny-exploded.png]
[toyfight.co/wp-content/themes/toybox/img/figures/tinified/leigh-exploded.png]
[toyfight.co/wp-content/themes/toybox/img/figures/mob/tinified/jon-mob.png]
[toyfight.co/wp-content/themes/toybox/img/figures/mob/tinified/leigh-mob.png]
[toyfight.co/wp-content/themes/toybox/img/figures/tinified/jon-exploded-face-on-1.png]
[toyfight.co/wp-content/themes/toybox/img/figures/tinified/jon-exploded-face-on-2.png]
[toyfight.co/wp-content/themes/toybox/img/figures/tinified/jon-exploded-face-on-3.png]
[toyfight.co/wp-content/themes/toybox/img/figures/tinified/jon-exploded-face-on-4.png]
[toyfight.co/wp-content/themes/toybox/img/figures/tinified/leigh-exploded-face-on-1.png]
[toyfight.co/wp-content/themes/toybox/img/figures/tinified/leigh-exploded-face-on-2.png]
[toyfight.co/wp-content/themes/toybox/img/figures/tinified/leigh-exploded-face-on-3.png]
[toyfight.co/wp-content/themes/toybox/css/main.css]
[toyfight.co/wp-content/themes/toybox/img/figures/tinified/leigh-exploded-face-on-4.png]
[toyfight.co/wp-content/themes/toybox/img/bg/horizon-intro.jpg]
[toyfight.co/wp-content/themes/toybox/img/bg/horizon-who.jpg]
[toyfight.co/wp-content/themes/toybox/img/bg/horizon-what.jpg]
[toyfight.co/wp-content/themes/toybox/img/bg/horizon-work.jpg]
[toyfight.co/wp-content/themes/toybox/img/figures/mob/tinified/intro-figures.png]
[toyfight.co/wp-content/themes/toybox/img/figures/mob/tinified/who-figures.png]
[toyfight.co/wp-content/themes/toybox/img/figures/mob/tinified/what-figures-jonny.png]
[toyfight.co/wp-content/themes/toybox/img/figures/mob/tinified/what-figures-leigh.png]
[toyfight.co/wp-content/themes/toybox/img/figures/mob/tinified/work-figures.png]
[toyfight.co/wp-content/themes/toybox/img/figures/tinified/intro-figures.png]
[toyfight.co/wp-content/themes/toybox/img/figures/tinified/who-figures.png]
[toyfight.co/wp-content/themes/toybox/img/figures/tinified/what-figures-jonny.png]
[toyfight.co/wp-content/themes/toybox/img/figures/tinified/what-figures-leigh.png]
[toyfight.co/wp-content/themes/toybox/img/figures/tinified/work-figures.png]
[toyfight.co/wp-content/themes/toybox/img/figures/hand-cursor.png]
[toyfight.co/wp-content/themes/toybox/css/header.css]
[toyfight.co/who/_perch_content id=_twitter-link_ type=_text_ label=_Link to Twitter_/_.html]
[toyfight.co/who/_perch_content id=_behance-link_ type=_text_ label=_Link to Behance_/_.html]
[toyfight.co/who/_perch_content id=_dribbble-link_ type=_text_ label=_Link to Dribbble_/_.html]
[toyfight.co/who/_perch_content id=_linkedin-link_ label=_Link to LinkedIn_/_.html]
